// Jest Snapshot v1, https://goo.gl/fbAQLP

exports[`Hello component should pass snapshot check 1`] = `
<div>
  <div>
    hello world
  </div>
  <a
    href="/about"
  >
    about
  </a>
</div>
`;
